[0;34m🔍 Taiwan.md PR Review[0m
[0;90m═══════════════════════════════════[0m
📁 knowledge/Music/當代原住民創作歌手.md
  L0 安全：✅ 純內容檔案
  L1 格式：✅ frontmatter 完整
  L2 品質：✅ quality 0
  L3 策展：✅
  L4 結構：✅

📁 knowledge/Technology/台灣BIM與營建科技.md
  L0 安全：✅ 純內容檔案
  L1 格式：✅ frontmatter 完整
  L2 品質：✅ quality 2
  L3 策展：✅
  L4 結構：✅

📁 knowledge/Technology/台灣人工智慧發展與未來策略.md
  L0 安全：✅ 純內容檔案
  L1 格式：✅ frontmatter 完整
  L2 品質：✅ quality 2
  L3 策展：✅
  L4 結構：✅

📁 knowledge/vi/resources/mini-taiwan-pulse.md
  L0 安全：✅ 純內容檔案
  L1 格式：✅ frontmatter 完整
  L2 品質：✅ quality 1
  L3 策展：🟡 缺引語,無腳註[^N]
  L4 結構：—


[0;90m═══════════════════════════════════[0m
[0;33m🟡 WARNING[0m（4/4 安全 | 4/4 格式 | 4/4 品質）
