TAP version 13
# Subtest: external analytics text cannot inject HTML or external/script links
ok 1 - external analytics text cannot inject HTML or external/script links
  ---
  duration_ms: 0.409875
  type: 'test'
  ...
# Subtest: git paths survive Chinese, spaces, quotes, shell syntax and newline; hubs excluded explicitly
ok 2 - git paths survive Chinese, spaces, quotes, shell syntax and newline; hubs excluded explicitly
  ---
  duration_ms: 294.908417
  type: 'test'
  ...
# Subtest: fork checkout uses merge parents only when requested refs are unavailable
ok 3 - fork checkout uses merge parents only when requested refs are unavailable
  ---
  duration_ms: 348.79775
  type: 'test'
  ...
# Subtest: frontmatter validation scans lowercase legacy resource directories
ok 4 - frontmatter validation scans lowercase legacy resource directories
  ---
  duration_ms: 43.456292
  type: 'test'
  ...
# Subtest: icon aliases resolve and unknown names fail
ok 5 - icon aliases resolve and unknown names fail
  ---
  duration_ms: 0.557583
  type: 'test'
  ...
# Subtest: UI replacement preserves content, attributes, scripts, flags and signature
ok 6 - UI replacement preserves content, attributes, scripts, flags and signature
  ---
  duration_ms: 3.324959
  type: 'test'
  ...
# Subtest: icon-only controls preserve accessible labels
ok 7 - icon-only controls preserve accessible labels
  ---
  duration_ms: 0.261417
  type: 'test'
  ...
1..7
# tests 7
# suites 0
# pass 7
# fail 0
# cancelled 0
# skipped 0
# todo 0
# duration_ms 726.595042
